// Jest Snapshot v1, https://goo.gl/fbAQLP

exports[`should renders 1`] = `
<View
  style={
    Object {
      "alignItems": "center",
      "backgroundColor": "powderblue",
      "flexDirection": "column",
      "justifyContent": "space-evenly",
      "width": "100%",
    }
  }
>
  <View
    style={
      Object {
        "alignItems": "center",
        "backgroundColor": "#abdcf1",
        "flexDirection": "row",
        "justifyContent": "space-evenly",
      }
    }
  >
    <Text
      style={
        Object {
          "fontWeight": "bold",
          "margin": 2,
          "paddingLeft": 5,
          "textAlign": "left",
          "width": "100%",
        }
      }
    />
  </View>
  <View
    style={
      Object {
        "alignItems": "center",
        "backgroundColor": "#93d2ed",
        "flexDirection": "row",
        "justifyContent": "space-evenly",
        "width": "100%",
      }
    }
  >
    <Image
      source={
        Object {
          "uri": "https://openweathermap.org/img/w/undefined.png",
        }
      }
      style={
        Object {
          "height": 60,
          "resizeMode": "cover",
          "width": 60,
        }
      }
    />
    <View
      style={
        Object {
          "alignItems": "flex-start",
          "backgroundColor": "#93d2ed",
          "flexDirection": "column",
          "justifyContent": "space-evenly",
          "width": "70%",
        }
      }
    >
      <Text
        style={
          Object {
            "color": "red",
            "fontSize": 16,
            "margin": 2,
            "paddingLeft": 5,
            "textAlign": "center",
          }
        }
      />
      <Text
        style={
          Object {
            "color": "black",
            "fontSize": 13,
            "margin": 2,
            "paddingLeft": 5,
            "textAlign": "center",
          }
        }
      >
        ËšC
      </Text>
    </View>
  </View>
</View>
`;
